14:57:20 **** Incremental Build of configuration Debug for project SPI_Driver_Example ****
make -j16 all 
arm-none-eabi-gcc "../Src/spi.c" -mcpu=cortex-m4 -std=gnu11 -g3 -DDEBUG -DSTM32 -DSTM32F4 -DSTM32F446RETx -DNUCLEO_F446RE -DSTM32F446xx -c -I../Inc -I"D:/Workspace/EmbeddedSoftware/STM32F446RE-BareMetal-Peripheral-Drivers/STM32F446RE_Headers/CMSIS/Device/ST/STM32F4xx/Include" -I"D:/Workspace/EmbeddedSoftware/STM32F446RE-BareMetal-Peripheral-Drivers/STM32F446RE_Headers/CMSIS/Include" -O0 -ffunction-sections -fdata-sections -Wall -fstack-usage -fcyclomatic-complexity -MMD -MP -MF"Src/spi.d" -MT"Src/spi.o" --specs=nano.specs -mfpu=fpv4-sp-d16 -mfloat-abi=hard -mthumb -o "Src/spi.o"
../Src/spi.c: In function 'spi1_gpio_init':
../Src/spi.c:11:5: warning: implicit declaration of function 'SET_BIT' [-Wimplicit-function-declaration]
   11 |     SET_BIT(RCC->AHB1ENR, 0);
      |     ^~~~~~~
../Src/spi.c:15:5: warning: implicit declaration of function 'CLEAR_BIT' [-Wimplicit-function-declaration]
   15 |     CLEAR_BIT(GPIOA->MODER, 10);     // Clear MODER10
      |     ^~~~~~~~~
../Src/spi.c: In function 'spi1_transmit':
../Src/spi.c:88:16: error: 'NULL' undeclared (first use in this function)
   88 |     if(data == NULL || size == 0)
      |                ^~~~
../Src/spi.c:2:1: note: 'NULL' is defined in header '<stddef.h>'; did you forget to '#include <stddef.h>'?
    1 | #include "spi.h"
  +++ |+#include <stddef.h>
    2 | 
../Src/spi.c:88:16: note: each undeclared identifier is reported only once for each function it appears in
   88 |     if(data == NULL || size == 0)
      |                ^~~~
../Src/spi.c:94:16: warning: implicit declaration of function 'CHECK_BIT' [-Wimplicit-function-declaration]
   94 |         while(!CHECK_BIT(SPI1->SR, 1)) {}
      |                ^~~~~~~~~
make: *** [Src/subdir.mk:28: Src/spi.o] Error 1
"make -j16 all" terminated with exit code 2. Build might be incomplete.
14:57:49 **** Incremental Build of configuration Debug for project SPI_Driver_Example ****
make -j16 all 
arm-none-eabi-gcc "../Src/spi.c" -mcpu=cortex-m4 -std=gnu11 -g3 -DDEBUG -DSTM32 -DSTM32F4 -DSTM32F446RETx -DNUCLEO_F446RE -DSTM32F446xx -c -I../Inc -I"D:/Workspace/EmbeddedSoftware/STM32F446RE-BareMetal-Peripheral-Drivers/STM32F446RE_Headers/CMSIS/Device/ST/STM32F4xx/Include" -I"D:/Workspace/EmbeddedSoftware/STM32F446RE-BareMetal-Peripheral-Drivers/STM32F446RE_Headers/CMSIS/Include" -O0 -ffunction-sections -fdata-sections -Wall -fstack-usage -fcyclomatic-complexity -MMD -MP -MF"Src/spi.d" -MT"Src/spi.o" --specs=nano.specs -mfpu=fpv4-sp-d16 -mfloat-abi=hard -mthumb -o "Src/spi.o"
../Src/spi.c: In function 'spi1_transmit':
../Src/spi.c:88:16: error: 'NULL' undeclared (first use in this function)
   88 |     if(data == NULL || size == 0)
      |                ^~~~
../Src/spi.c:2:1: note: 'NULL' is defined in header '<stddef.h>'; did you forget to '#include <stddef.h>'?
    1 | #include "spi.h"
  +++ |+#include <stddef.h>
    2 | 
../Src/spi.c:88:16: note: each undeclared identifier is reported only once for each function it appears in
   88 |     if(data == NULL || size == 0)
      |                ^~~~
make: *** [Src/subdir.mk:28: Src/spi.o] Error 1
"make -j16 all" terminated with exit code 2. Build might be incomplete.
14:58:43 **** Incremental Build of configuration Debug for project SPI_Driver_Example ****
make -j16 all 
arm-none-eabi-gcc "../Src/spi.c" -mcpu=cortex-m4 -std=gnu11 -g3 -DDEBUG -DSTM32 -DSTM32F4 -DSTM32F446RETx -DNUCLEO_F446RE -DSTM32F446xx -c -I../Inc -I"D:/Workspace/EmbeddedSoftware/STM32F446RE-BareMetal-Peripheral-Drivers/STM32F446RE_Headers/CMSIS/Device/ST/STM32F4xx/Include" -I"D:/Workspace/EmbeddedSoftware/STM32F446RE-BareMetal-Peripheral-Drivers/STM32F446RE_Headers/CMSIS/Include" -O0 -ffunction-sections -fdata-sections -Wall -fstack-usage -fcyclomatic-complexity -MMD -MP -MF"Src/spi.d" -MT"Src/spi.o" --specs=nano.specs -mfpu=fpv4-sp-d16 -mfloat-abi=hard -mthumb -o "Src/spi.o"
arm-none-eabi-gcc -o "SPI_Driver_Example.elf" @"objects.list"   -mcpu=cortex-m4 -T"D:\Workspace\EmbeddedSoftware\STM32F446RE-BareMetal-Peripheral-Drivers\SPI_Driver_Example\STM32F446RETX_FLASH.ld" --specs=nosys.specs -Wl,-Map="SPI_Driver_Example.map" -Wl,--gc-sections -static --specs=nano.specs -mfpu=fpv4-sp-d16 -mfloat-abi=hard -mthumb -Wl,--start-group -lc -lm -Wl,--end-group
Finished building target: SPI_Driver_Example.elf
 
arm-none-eabi-size  SPI_Driver_Example.elf 
arm-none-eabi-objdump -h -S SPI_Driver_Example.elf  > "SPI_Driver_Example.list"
   text	   data	    bss	    dec	    hex	filename
    712	      0	   1568	   2280	    8e8	SPI_Driver_Example.elf
Finished building: default.size.stdout
 
Finished building: SPI_Driver_Example.list
 
14:58:45 **** Incremental Build of configuration Debug for project SPI_Driver_Example ****
make -j16 all 
arm-none-eabi-size  SPI_Driver_Example.elf 
   text	   data	    bss	    dec	    hex	filename
    712	      0	   1568	   2280	    8e8	SPI_Driver_Example.elf
Finished building: default.size.stdout
 
14:58:55 **** Incremental Build of configuration Debug for project SPI_Driver_Example ****
make -j16 all 
arm-none-eabi-gcc "../Src/main.c" -mcpu=cortex-m4 -std=gnu11 -g3 -DDEBUG -DSTM32 -DSTM32F4 -DSTM32F446RETx -DNUCLEO_F446RE -DSTM32F446xx -c -I../Inc -I"D:/Workspace/EmbeddedSoftware/STM32F446RE-BareMetal-Peripheral-Drivers/STM32F446RE_Headers/CMSIS/Device/ST/STM32F4xx/Include" -I"D:/Workspace/EmbeddedSoftware/STM32F446RE-BareMetal-Peripheral-Drivers/STM32F446RE_Headers/CMSIS/Include" -O0 -ffunction-sections -fdata-sections -Wall -fstack-usage -fcyclomatic-complexity -MMD -MP -MF"Src/main.d" -MT"Src/main.o" --specs=nano.specs -mfpu=fpv4-sp-d16 -mfloat-abi=hard -mthumb -o "Src/main.o"
arm-none-eabi-gcc "../Src/spi.c" -mcpu=cortex-m4 -std=gnu11 -g3 -DDEBUG -DSTM32 -DSTM32F4 -DSTM32F446RETx -DNUCLEO_F446RE -DSTM32F446xx -c -I../Inc -I"D:/Workspace/EmbeddedSoftware/STM32F446RE-BareMetal-Peripheral-Drivers/STM32F446RE_Headers/CMSIS/Device/ST/STM32F4xx/Include" -I"D:/Workspace/EmbeddedSoftware/STM32F446RE-BareMetal-Peripheral-Drivers/STM32F446RE_Headers/CMSIS/Include" -O0 -ffunction-sections -fdata-sections -Wall -fstack-usage -fcyclomatic-complexity -MMD -MP -MF"Src/spi.d" -MT"Src/spi.o" --specs=nano.specs -mfpu=fpv4-sp-d16 -mfloat-abi=hard -mthumb -o "Src/spi.o"
../Src/spi.c: In function 'spi1_transmit':
../Src/spi.c:88:16: error: 'NULL' undeclared (first use in this function)
   88 |     if(data == NULL || size == 0)
      |                ^~~~
../Src/spi.c:2:1: note: 'NULL' is defined in header '<stddef.h>'; did you forget to '#include <stddef.h>'?
    1 | #include "spi.h"
  +++ |+#include <stddef.h>
    2 | 
../Src/spi.c:88:16: note: each undeclared identifier is reported only once for each function it appears in
   88 |     if(data == NULL || size == 0)
      |                ^~~~
make: *** [Src/subdir.mk:28: Src/spi.o] Error 1
make: *** Waiting for unfinished jobs....
"make -j16 all" terminated with exit code 2. Build might be incomplete.
14:59:07 **** Incremental Build of configuration Debug for project SPI_Driver_Example ****
make -j16 all 
arm-none-eabi-gcc "../Src/spi.c" -mcpu=cortex-m4 -std=gnu11 -g3 -DDEBUG -DSTM32 -DSTM32F4 -DSTM32F446RETx -DNUCLEO_F446RE -DSTM32F446xx -c -I../Inc -I"D:/Workspace/EmbeddedSoftware/STM32F446RE-BareMetal-Peripheral-Drivers/STM32F446RE_Headers/CMSIS/Device/ST/STM32F4xx/Include" -I"D:/Workspace/EmbeddedSoftware/STM32F446RE-BareMetal-Peripheral-Drivers/STM32F446RE_Headers/CMSIS/Include" -O0 -ffunction-sections -fdata-sections -Wall -fstack-usage -fcyclomatic-complexity -MMD -MP -MF"Src/spi.d" -MT"Src/spi.o" --specs=nano.specs -mfpu=fpv4-sp-d16 -mfloat-abi=hard -mthumb -o "Src/spi.o"
arm-none-eabi-gcc -o "SPI_Driver_Example.elf" @"objects.list"   -mcpu=cortex-m4 -T"D:\Workspace\EmbeddedSoftware\STM32F446RE-BareMetal-Peripheral-Drivers\SPI_Driver_Example\STM32F446RETX_FLASH.ld" --specs=nosys.specs -Wl,-Map="SPI_Driver_Example.map" -Wl,--gc-sections -static --specs=nano.specs -mfpu=fpv4-sp-d16 -mfloat-abi=hard -mthumb -Wl,--start-group -lc -lm -Wl,--end-group
Finished building target: SPI_Driver_Example.elf
 
arm-none-eabi-size  SPI_Driver_Example.elf 
arm-none-eabi-objdump -h -S SPI_Driver_Example.elf  > "SPI_Driver_Example.list"
   text	   data	    bss	    dec	    hex	filename
    712	      0	   1568	   2280	    8e8	SPI_Driver_Example.elf
Finished building: default.size.stdout
 
Finished building: SPI_Driver_Example.list
 
16:00:42 **** Build of configuration Debug for project UART_Driver_Example ****
make -j16 all 
arm-none-eabi-gcc "../Src/main.c" -mcpu=cortex-m4 -std=gnu11 -g3 -DDEBUG -DSTM32 -DSTM32F4 -DSTM32F446RETx -DNUCLEO_F446RE -DSTM32F446xx -c -I../Inc -I"D:/Workspace/EmbeddedSoftware/STM32F446RE-BareMetal-Peripheral-Drivers/STM32F446RE_Headers/CMSIS/Device/ST/STM32F4xx/Include" -I"D:/Workspace/EmbeddedSoftware/STM32F446RE-BareMetal-Peripheral-Drivers/STM32F446RE_Headers/CMSIS/Include" -O0 -ffunction-sections -fdata-sections -Wall -fstack-usage -fcyclomatic-complexity -MMD -MP -MF"Src/main.d" -MT"Src/main.o" --specs=nano.specs -mfpu=fpv4-sp-d16 -mfloat-abi=hard -mthumb -o "Src/main.o"
arm-none-eabi-gcc "../Src/syscalls.c" -mcpu=cortex-m4 -std=gnu11 -g3 -DDEBUG -DSTM32 -DSTM32F4 -DSTM32F446RETx -DNUCLEO_F446RE -DSTM32F446xx -c -I../Inc -I"D:/Workspace/EmbeddedSoftware/STM32F446RE-BareMetal-Peripheral-Drivers/STM32F446RE_Headers/CMSIS/Device/ST/STM32F4xx/Include" -I"D:/Workspace/EmbeddedSoftware/STM32F446RE-BareMetal-Peripheral-Drivers/STM32F446RE_Headers/CMSIS/Include" -O0 -ffunction-sections -fdata-sections -Wall -fstack-usage -fcyclomatic-complexity -MMD -MP -MF"Src/syscalls.d" -MT"Src/syscalls.o" --specs=nano.specs -mfpu=fpv4-sp-d16 -mfloat-abi=hard -mthumb -o "Src/syscalls.o"
arm-none-eabi-gcc "../Src/sysmem.c" -mcpu=cortex-m4 -std=gnu11 -g3 -DDEBUG -DSTM32 -DSTM32F4 -DSTM32F446RETx -DNUCLEO_F446RE -DSTM32F446xx -c -I../Inc -I"D:/Workspace/EmbeddedSoftware/STM32F446RE-BareMetal-Peripheral-Drivers/STM32F446RE_Headers/CMSIS/Device/ST/STM32F4xx/Include" -I"D:/Workspace/EmbeddedSoftware/STM32F446RE-BareMetal-Peripheral-Drivers/STM32F446RE_Headers/CMSIS/Include" -O0 -ffunction-sections -fdata-sections -Wall -fstack-usage -fcyclomatic-complexity -MMD -MP -MF"Src/sysmem.d" -MT"Src/sysmem.o" --specs=nano.specs -mfpu=fpv4-sp-d16 -mfloat-abi=hard -mthumb -o "Src/sysmem.o"
arm-none-eabi-gcc "../Src/uart.c" -mcpu=cortex-m4 -std=gnu11 -g3 -DDEBUG -DSTM32 -DSTM32F4 -DSTM32F446RETx -DNUCLEO_F446RE -DSTM32F446xx -c -I../Inc -I"D:/Workspace/EmbeddedSoftware/STM32F446RE-BareMetal-Peripheral-Drivers/STM32F446RE_Headers/CMSIS/Device/ST/STM32F4xx/Include" -I"D:/Workspace/EmbeddedSoftware/STM32F446RE-BareMetal-Peripheral-Drivers/STM32F446RE_Headers/CMSIS/Include" -O0 -ffunction-sections -fdata-sections -Wall -fstack-usage -fcyclomatic-complexity -MMD -MP -MF"Src/uart.d" -MT"Src/uart.o" --specs=nano.specs -mfpu=fpv4-sp-d16 -mfloat-abi=hard -mthumb -o "Src/uart.o"
In file included from ../Inc/uart.h:4,
                 from ../Src/main.c:2:
../Inc/bit_operations.h:4: warning: "SET_BIT" redefined
    4 | #define SET_BIT(register, bit)    ((register) |= (1 << (bit)))
      | 
In file included from ../Src/main.c:1:
D:/Workspace/EmbeddedSoftware/STM32F446RE-BareMetal-Peripheral-Drivers/STM32F446RE_Headers/CMSIS/Device/ST/STM32F4xx/Include/stm32f4xx.h:211: note: this is the location of the previous definition
  211 | #define SET_BIT(REG, BIT)     ((REG) |= (BIT))
      | 
../Inc/bit_operations.h:5: warning: "CLEAR_BIT" redefined
    5 | #define CLEAR_BIT(register, bit)  ((register) &= ~(1 << (bit)))
      | 
D:/Workspace/EmbeddedSoftware/STM32F446RE-BareMetal-Peripheral-Drivers/STM32F446RE_Headers/CMSIS/Device/ST/STM32F4xx/Include/stm32f4xx.h:213: note: this is the location of the previous definition
  213 | #define CLEAR_BIT(REG, BIT)   ((REG) &= ~(BIT))
      | 
../Src/main.c: In function 'main':
../Src/main.c:11:9: warning: implicit declaration of function 'printf' [-Wimplicit-function-declaration]
   11 |         printf("Hello, World!\n\r");
      |         ^~~~~~
../Src/main.c:3:1: note: include '<stdio.h>' or provide a declaration of 'printf'
    2 | #include "uart.h"
  +++ |+#include <stdio.h>
    3 | #include <stdint.h>
../Src/main.c:11:9: warning: incompatible implicit declaration of built-in function 'printf' [-Wbuiltin-declaration-mismatch]
   11 |         printf("Hello, World!\n\r");
      |         ^~~~~~
../Src/main.c:11:9: note: include '<stdio.h>' or provide a declaration of 'printf'
../Src/main.c:14:36: warning: statement with no effect [-Wunused-value]
   14 |         for(int i = 0; i < 100000; i) {}
      |                                    ^
arm-none-eabi-gcc -o "UART_Driver_Example.elf" @"objects.list"   -mcpu=cortex-m4 -T"D:\Workspace\EmbeddedSoftware\STM32F446RE-BareMetal-Peripheral-Drivers\UART_Driver_Example\STM32F446RETX_FLASH.ld" --specs=nosys.specs -Wl,-Map="UART_Driver_Example.map" -Wl,--gc-sections -static --specs=nano.specs -mfpu=fpv4-sp-d16 -mfloat-abi=hard -mthumb -Wl,--start-group -lc -lm -Wl,--end-group
Finished building target: UART_Driver_Example.elf
 
arm-none-eabi-size  UART_Driver_Example.elf 
arm-none-eabi-objdump -h -S UART_Driver_Example.elf  > "UART_Driver_Example.list"
   text	   data	    bss	    dec	    hex	filename
   5228	     92	   1900	   7220	   1c34	UART_Driver_Example.elf
Finished building: default.size.stdout
 
Finished building: UART_Driver_Example.list
 
16:00:44 **** Incremental Build of configuration Debug for project UART_Driver_Example ****
make -j16 all 
arm-none-eabi-size  UART_Driver_Example.elf 
   text	   data	    bss	    dec	    hex	filename
   5228	     92	   1900	   7220	   1c34	UART_Driver_Example.elf
Finished building: default.size.stdout
 
16:00:51 **** Incremental Build of configuration Debug for project UART_Driver_Example ****
make -j16 all 
arm-none-eabi-size  UART_Driver_Example.elf 
   text	   data	    bss	    dec	    hex	filename
   5228	     92	   1900	   7220	   1c34	UART_Driver_Example.elf
Finished building: default.size.stdout
 
16:01:26 **** Incremental Build of configuration Debug for project UART_Driver_Example ****
make -j16 all 
arm-none-eabi-gcc "../Src/main.c" -mcpu=cortex-m4 -std=gnu11 -g3 -DDEBUG -DSTM32 -DSTM32F4 -DSTM32F446RETx -DNUCLEO_F446RE -DSTM32F446xx -c -I../Inc -I"D:/Workspace/EmbeddedSoftware/STM32F446RE-BareMetal-Peripheral-Drivers/STM32F446RE_Headers/CMSIS/Device/ST/STM32F4xx/Include" -I"D:/Workspace/EmbeddedSoftware/STM32F446RE-BareMetal-Peripheral-Drivers/STM32F446RE_Headers/CMSIS/Include" -O0 -ffunction-sections -fdata-sections -Wall -fstack-usage -fcyclomatic-complexity -MMD -MP -MF"Src/main.d" -MT"Src/main.o" --specs=nano.specs -mfpu=fpv4-sp-d16 -mfloat-abi=hard -mthumb -o "Src/main.o"
In file included from ../Inc/uart.h:4,
                 from ../Src/main.c:2:
../Inc/bit_operations.h:4: warning: "SET_BIT" redefined
    4 | #define SET_BIT(register, bit)    ((register) |= (1 << (bit)))
      | 
In file included from ../Src/main.c:1:
D:/Workspace/EmbeddedSoftware/STM32F446RE-BareMetal-Peripheral-Drivers/STM32F446RE_Headers/CMSIS/Device/ST/STM32F4xx/Include/stm32f4xx.h:211: note: this is the location of the previous definition
  211 | #define SET_BIT(REG, BIT)     ((REG) |= (BIT))
      | 
../Inc/bit_operations.h:5: warning: "CLEAR_BIT" redefined
    5 | #define CLEAR_BIT(register, bit)  ((register) &= ~(1 << (bit)))
      | 
D:/Workspace/EmbeddedSoftware/STM32F446RE-BareMetal-Peripheral-Drivers/STM32F446RE_Headers/CMSIS/Device/ST/STM32F4xx/Include/stm32f4xx.h:213: note: this is the location of the previous definition
  213 | #define CLEAR_BIT(REG, BIT)   ((REG) &= ~(BIT))
      | 
../Src/main.c: In function 'main':
../Src/main.c:9:5: warning: implicit declaration of function 'printf' [-Wimplicit-function-declaration]
    9 |     printf("Hello, World!\n\r");
      |     ^~~~~~
../Src/main.c:3:1: note: include '<stdio.h>' or provide a declaration of 'printf'
    2 | #include "uart.h"
  +++ |+#include <stdio.h>
    3 | #include <stdint.h>
../Src/main.c:9:5: warning: incompatible implicit declaration of built-in function 'printf' [-Wbuiltin-declaration-mismatch]
    9 |     printf("Hello, World!\n\r");
      |     ^~~~~~
../Src/main.c:9:5: note: include '<stdio.h>' or provide a declaration of 'printf'
arm-none-eabi-gcc -o "UART_Driver_Example.elf" @"objects.list"   -mcpu=cortex-m4 -T"D:\Workspace\EmbeddedSoftware\STM32F446RE-BareMetal-Peripheral-Drivers\UART_Driver_Example\STM32F446RETX_FLASH.ld" --specs=nosys.specs -Wl,-Map="UART_Driver_Example.map" -Wl,--gc-sections -static --specs=nano.specs -mfpu=fpv4-sp-d16 -mfloat-abi=hard -mthumb -Wl,--start-group -lc -lm -Wl,--end-group
Finished building target: UART_Driver_Example.elf
 
arm-none-eabi-size  UART_Driver_Example.elf 
arm-none-eabi-objdump -h -S UART_Driver_Example.elf  > "UART_Driver_Example.list"
   text	   data	    bss	    dec	    hex	filename
   5212	     92	   1900	   7204	   1c24	UART_Driver_Example.elf
Finished building: default.size.stdout
 
Finished building: UART_Driver_Example.list
 
16:01:27 **** Incremental Build of configuration Debug for project UART_Driver_Example ****
make -j16 all 
arm-none-eabi-size  UART_Driver_Example.elf 
   text	   data	    bss	    dec	    hex	filename
   5212	     92	   1900	   7204	   1c24	UART_Driver_Example.elf
Finished building: default.size.stdout
 
16:01:29 **** Incremental Build of configuration Debug for project UART_Driver_Example ****
make -j16 all 
arm-none-eabi-size  UART_Driver_Example.elf 
   text	   data	    bss	    dec	    hex	filename
   5212	     92	   1900	   7204	   1c24	UART_Driver_Example.elf
Finished building: default.size.stdout
 
16:01:33 **** Incremental Build of configuration Debug for project UART_Driver_Example ****
make -j16 all 
arm-none-eabi-size  UART_Driver_Example.elf 
   text	   data	    bss	    dec	    hex	filename
   5212	     92	   1900	   7204	   1c24	UART_Driver_Example.elf
Finished building: default.size.stdout
 
