14:59:07 **** Incremental Build of configuration Debug for project SPI_Driver_Example ****
make -j16 all 
arm-none-eabi-gcc "../Src/spi.c" -mcpu=cortex-m4 -std=gnu11 -g3 -DDEBUG -DSTM32 -DSTM32F4 -DSTM32F446RETx -DNUCLEO_F446RE -DSTM32F446xx -c -I../Inc -I"D:/Workspace/EmbeddedSoftware/STM32F446RE-BareMetal-Peripheral-Drivers/STM32F446RE_Headers/CMSIS/Device/ST/STM32F4xx/Include" -I"D:/Workspace/EmbeddedSoftware/STM32F446RE-BareMetal-Peripheral-Drivers/STM32F446RE_Headers/CMSIS/Include" -O0 -ffunction-sections -fdata-sections -Wall -fstack-usage -fcyclomatic-complexity -MMD -MP -MF"Src/spi.d" -MT"Src/spi.o" --specs=nano.specs -mfpu=fpv4-sp-d16 -mfloat-abi=hard -mthumb -o "Src/spi.o"
arm-none-eabi-gcc -o "SPI_Driver_Example.elf" @"objects.list"   -mcpu=cortex-m4 -T"D:\Workspace\EmbeddedSoftware\STM32F446RE-BareMetal-Peripheral-Drivers\SPI_Driver_Example\STM32F446RETX_FLASH.ld" --specs=nosys.specs -Wl,-Map="SPI_Driver_Example.map" -Wl,--gc-sections -static --specs=nano.specs -mfpu=fpv4-sp-d16 -mfloat-abi=hard -mthumb -Wl,--start-group -lc -lm -Wl,--end-group
Finished building target: SPI_Driver_Example.elf
 
arm-none-eabi-size  SPI_Driver_Example.elf 
arm-none-eabi-objdump -h -S SPI_Driver_Example.elf  > "SPI_Driver_Example.list"
   text	   data	    bss	    dec	    hex	filename
    712	      0	   1568	   2280	    8e8	SPI_Driver_Example.elf
Finished building: default.size.stdout
 
Finished building: SPI_Driver_Example.list
 

14:59:08 Build Finished. 0 errors, 0 warnings. (took 386ms)

